]0;~/Dropbox/Statistics-R-scripts/site[?1034hWAT-126-FAC-MB:site rfranklin$ [KWAT-126-FAC-MB:site rfranklin$ emacsbrew cask install emacsemacs[K[Kcd ~/Dropbox/Statistics-R-scripts/site
]0;~/Dropbox/Statistics-R-scripts/siteWAT-126-FAC-MB:site rfranklin$ git init
Reinitialized existing Git repository in /Users/rfranklin/Dropbox/Statistics-R-scripts/site/.git/
]0;~/Dropbox/Statistics-R-scripts/siteWAT-126-FAC-MB:site rfranklin$ git add .
]0;~/Dropbox/Statistics-R-scripts/siteWAT-126-FAC-MB:site rfranklin$ git commit -m "initial upload"
[master 435310e] initial upload
 12 files changed, 398 insertions(+), 1 deletion(-)
 create mode 100644 .Rproj.user/F6B2D606/console06/CEC15F7E
 create mode 100644 .Rproj.user/F6B2D606/console06/INDEX001
 create mode 100644 .Rproj.user/F6B2D606/sources/prop/26EF5E5
 create mode 100644 .Rproj.user/F6B2D606/sources/prop/F6FCE9FE
 create mode 100644 .Rproj.user/F6B2D606/sources/prop/INDEX
 create mode 100644 .Rproj.user/F6B2D606/sources/s-242589F8/3383B75
 create mode 100644 .Rproj.user/F6B2D606/sources/s-242589F8/3383B75-contents
 create mode 100644 .Rproj.user/F6B2D606/sources/s-242589F8/897CA3E9
 create mode 100644 .Rproj.user/F6B2D606/sources/s-242589F8/897CA3E9-contents
 create mode 100644 .Rproj.user/F6B2D606/sources/s-242589F8/lock_file
 create mode 100644 .Rproj.user/shared/notebooks/patch-chunk-names
]0;~/Dropbox/Statistics-R-scripts/siteWAT-126-FAC-MB:site rfranklin$ git remote add origin https://github.com/ rgfran/site.git
fatal: remote origin already exists.
]0;~/Dropbox/Statistics-R-scripts/siteWAT-126-FAC-MB:site rfranklin$ git push -u origin master
Counting objects: 19, done.
Delta compression using up to 4 threads.
Compressing objects:   5% (1/17)   Compressing objects:  11% (2/17)   Compressing objects:  17% (3/17)   Compressing objects:  23% (4/17)   Compressing objects:  29% (5/17)   Compressing objects:  35% (6/17)   Compressing objects:  41% (7/17)   Compressing objects:  47% (8/17)   Compressing objects:  52% (9/17)   Compressing objects:  58% (10/17)   Compressing objects:  64% (11/17)   Compressing objects:  70% (12/17)   Compressing objects:  76% (13/17)   Compressing objects:  82% (14/17)   Compressing objects:  88% (15/17)   Compressing objects:  94% (16/17)   Compressing objects: 100% (17/17)   Compressing objects: 100% (17/17), done.
Writing objects:   5% (1/19)   Writing objects:  10% (2/19)   Writing objects:  15% (3/19)   Writing objects:  21% (4/19)   Writing objects:  26% (5/19)   Writing objects:  31% (6/19)   Writing objects:  36% (7/19)   Writing objects:  42% (8/19)   Writing objects:  47% (9/19)   Writing objects:  52% (10/19)   Writing objects:  57% (11/19)   Writing objects:  63% (12/19)   Writing objects:  68% (13/19)   Writing objects:  78% (15/19)   Writing objects:  84% (16/19)   Writing objects:  89% (17/19)   Writing objects:  94% (18/19)   Writing objects: 100% (19/19)   Writing objects: 100% (19/19), 6.28 KiB | 2.09 MiB/s, done.
Total 19 (delta 2), reused 0 (delta 0)
remote: Resolving deltas:   0% (0/2)   [Kremote: Resolving deltas:  50% (1/2)   [Kremote: Resolving deltas: 100% (2/2)   [Kremote: Resolving deltas: 100% (2/2), completed with 1 local object.[K
remote: This repository moved. Please use the new location:[K
remote:   https://github.com/rgfran/website.git[K
To https://github.com/rgfran/site.git
   03c24c0..435310e  master -> master
Branch master set up to track remote branch master from origin.
]0;~/Dropbox/Statistics-R-scripts/siteWAT-126-FAC-MB:site rfranklin$ cd ~/Dropbox/Statistics-R-scripts/site
]0;~/Dropbox/Statistics-R-scripts/siteWAT-126-FAC-MB:site rfranklin$ git init
Reinitialized existing Git repository in /Users/rfranklin/Dropbox/Statistics-R-scripts/site/.git/
]0;~/Dropbox/Statistics-R-scripts/siteWAT-126-FAC-MB:site rfranklin$ git add .
]0;~/Dropbox/Statistics-R-scripts/siteWAT-126-FAC-MB:site rfranklin$ git commit -m "initial upload"
[master 2c161a1] initial upload
 4 files changed, 98 insertions(+), 3 deletions(-)
 create mode 100644 .Rproj.user/F6B2D606/console06/CEC15F7E.env
]0;~/Dropbox/Statistics-R-scripts/siteWAT-126-FAC-MB:site rfranklin$ git remote add origin https://github.com/ rgfran/site.git
fatal: remote origin already exists.
]0;~/Dropbox/Statistics-R-scripts/siteWAT-126-FAC-MB:site rfranklin$ git push -u origin master
Counting objects: 11, done.
Delta compression using up to 4 threads.
Compressing objects:   9% (1/11)   Compressing objects:  18% (2/11)   Compressing objects:  27% (3/11)   Compressing objects:  36% (4/11)   Compressing objects:  45% (5/11)   Compressing objects:  54% (6/11)   Compressing objects:  63% (7/11)   Compressing objects:  72% (8/11)   Compressing objects:  81% (9/11)   Compressing objects:  90% (10/11)   Compressing objects: 100% (11/11)   Compressing objects: 100% (11/11), done.
Writing objects:   9% (1/11)   Writing objects:  18% (2/11)   Writing objects:  27% (3/11)   Writing objects:  36% (4/11)   Writing objects:  45% (5/11)   Writing objects:  54% (6/11)   Writing objects:  63% (7/11)   Writing objects:  72% (8/11)   Writing objects:  81% (9/11)   Writing objects:  90% (10/11)   Writing objects: 100% (11/11)   Writing objects: 100% (11/11), 2.98 KiB | 2.98 MiB/s, done.
Total 11 (delta 3), reused 0 (delta 0)
remote: Resolving deltas:   0% (0/3)   [Kremote: Resolving deltas:  33% (1/3)   [Kremote: Resolving deltas:  66% (2/3)   [Kremote: Resolving deltas: 100% (3/3)   [Kremote: Resolving deltas: 100% (3/3), completed with 3 local objects.[K
remote: This repository moved. Please use the new location:[K
remote:   https://github.com/rgfran/website.git[K
To https://github.com/rgfran/site.git
   435310e..2c161a1  master -> master
Branch master set up to track remote branch master from origin.
]0;~/Dropbox/Statistics-R-scripts/siteWAT-126-FAC-MB:site rfranklin$ cd ~/Dropbox/Statistics-R-scripts/site
]0;~/Dropbox/Statistics-R-scripts/siteWAT-126-FAC-MB:site rfranklin$ git init
Reinitialized existing Git repository in /Users/rfranklin/Dropbox/Statistics-R-scripts/site/.git/
]0;~/Dropbox/Statistics-R-scripts/siteWAT-126-FAC-MB:site rfranklin$ git add .
]0;~/Dropbox/Statistics-R-scripts/siteWAT-126-FAC-MB:site rfranklin$ git commit -m "initial upload"
[master f672ae9] initial upload
 3 files changed, 21 insertions(+), 2 deletions(-)
]0;~/Dropbox/Statistics-R-scripts/siteWAT-126-FAC-MB:site rfranklin$ git remote add origin https://github.com/ rgfran/site.git
fatal: remote origin already exists.
]0;~/Dropbox/Statistics-R-scripts/siteWAT-126-FAC-MB:site rfranklin$ git push -u origin master
Counting objects: 10, done.
Delta compression using up to 4 threads.
Compressing objects:  10% (1/10)   Compressing objects:  20% (2/10)   Compressing objects:  30% (3/10)   Compressing objects:  40% (4/10)   Compressing objects:  50% (5/10)   Compressing objects:  60% (6/10)   Compressing objects:  70% (7/10)   Compressing objects:  80% (8/10)   Compressing objects:  90% (9/10)   Compressing objects: 100% (10/10)   Compressing objects: 100% (10/10), done.
Writing objects:  10% (1/10)   Writing objects:  20% (2/10)   Writing objects:  30% (3/10)   Writing objects:  40% (4/10)   Writing objects:  50% (5/10)   Writing objects:  60% (6/10)   Writing objects:  70% (7/10)   Writing objects:  80% (8/10)   Writing objects:  90% (9/10)   Writing objects: 100% (10/10)   Writing objects: 100% (10/10), 1.22 KiB | 1.22 MiB/s, done.
Total 10 (delta 4), reused 0 (delta 0)
remote: Resolving deltas:   0% (0/4)   [Kremote: Resolving deltas:  25% (1/4)   [Kremote: Resolving deltas:  50% (2/4)   [Kremote: Resolving deltas:  75% (3/4)   [Kremote: Resolving deltas: 100% (4/4)   [Kremote: Resolving deltas: 100% (4/4), completed with 4 local objects.[K
To https://github.com/rgfran/site.git
   2c161a1..f672ae9  master -> master
Branch master set up to track remote branch master from origin.
]0;~/Dropbox/Statistics-R-scripts/siteWAT-126-FAC-MB:site rfranklin$ hugo version
Hugo Static Site Generator v0.27.1 darwin/amd64 BuildDate: 2018-05-15T19:55:17-04:00
]0;~/Dropbox/Statistics-R-scripts/siteWAT-126-FAC-MB:site rfranklin$ brew install hugo
Updating Homebrew...
[34m==>[0m [1mHomebrew has enabled anonymous aggregate user behaviour analytics.[0m
[1mRead the analytics documentation (and how to opt-out) here:
  [4mhttps://docs.brew.sh/Analytics[24m[0m

xcrun: error: invalid active developer path (/Library/Developer/CommandLineTools), missing xcrun at: /Library/Developer/CommandLineTools/usr/bin/xcrun
[31mError:[0m Failure while executing: git config --local --replace-all homebrew.analyticsmessage true
[31mError:[0m hugo 0.27.1 is already installed
To upgrade to 0.40.3, run `brew upgrade hugo`
]0;~/Dropbox/Statistics-R-scripts/siteWAT-126-FAC-MB:site rfranklin$ brew upgrade hugo
[32m==>[0m [1mUpgrading 1 outdated package, with result:[0m
hugo 0.27.1 -> 0.40.3
[32m==>[0m [1mUpgrading [32mhugo[39m [0m
xcrun: error: invalid active developer path (/Library/Developer/CommandLineTools), missing xcrun at: /Library/Developer/CommandLineTools/usr/bin/xcrun
[31mError:[0m Failure while executing: git config --local --replace-all homebrew.private true
]0;~/Dropbox/Statistics-R-scripts/siteWAT-126-FAC-MB:site rfranklin$ xcode-select --install
xcode-select: note: install requested for command line developer tools
]0;~/Dropbox/Statistics-R-scripts/siteWAT-126-FAC-MB:site rfranklin$ 
]0;~/Dropbox/Statistics-R-scripts/siteWAT-126-FAC-MB:site rfranklin$ xcode-select --install[5Pbrew upgrade hugoinstall[C[C[C[C[Cupgrade[C[C[C[C[C
[32m==>[0m [1mUpgrading 1 outdated package, with result:[0m
hugo 0.27.1 -> 0.40.3
[32m==>[0m [1mUpgrading [32mhugo[39m [0m
[34m==>[0m [1mDownloading https://homebrew.bintray.com/bottles/hugo-0.40.3.high_si[0m
####                                                                       6.9%###########                                                               16.2%####################                                                      27.8%###########################                                               38.1%################################                                          45.2%######################################                                    53.5%#############################################                             62.8%####################################################                      72.7%#############################################################             85.6%######################################################################## 100.0%
[34m==>[0m [1mPouring hugo-0.40.3.high_sierra.bottle.tar.gz[0m
[34m==>[0m [1mCaveats[0m
Bash completion has been installed to:
  /usr/local/etc/bash_completion.d
[34m==>[0m [1mSummary[0m
ðŸº  /usr/local/Cellar/hugo/0.40.3: 32 files, 28.2MB
]0;~/Dropbox/Statistics-R-scripts/siteWAT-126-FAC-MB:site rfranklin$ cd ~/Dropbox/Statistics-R-scripts/site
]0;~/Dropbox/Statistics-R-scripts/siteWAT-126-FAC-MB:site rfranklin$ git init
Reinitialized existing Git repository in /Users/rfranklin/Dropbox/Statistics-R-scripts/site/.git/
]0;~/Dropbox/Statistics-R-scripts/siteWAT-126-FAC-MB:site rfranklin$ git add .
]0;~/Dropbox/Statistics-R-scripts/siteWAT-126-FAC-MB:site rfranklin$ git commit -m "some tweaks"
[master 96da7c8] some tweaks
 15 files changed, 150 insertions(+), 14 deletions(-)
 create mode 100644 .Rproj.user/F6B2D606/sources/prop/4A656FEC
 create mode 100644 .Rproj.user/F6B2D606/sources/prop/C98DEE13
 create mode 100644 .Rproj.user/F6B2D606/sources/s-242589F8/8EB568EB
 create mode 100644 .Rproj.user/F6B2D606/sources/s-242589F8/8EB568EB-contents
 create mode 100644 .Rproj.user/F6B2D606/sources/s-242589F8/9CD043FB
 create mode 100644 .Rproj.user/F6B2D606/sources/s-242589F8/9CD043FB-contents
]0;~/Dropbox/Statistics-R-scripts/siteWAT-126-FAC-MB:site rfranklin$ git push -u origin master
Counting objects: 19, done.
Delta compression using up to 4 threads.
Compressing objects:   5% (1/18)   Compressing objects:  11% (2/18)   Compressing objects:  16% (3/18)   Compressing objects:  22% (4/18)   Compressing objects:  27% (5/18)   Compressing objects:  33% (6/18)   Compressing objects:  38% (7/18)   Compressing objects:  44% (8/18)   Compressing objects:  50% (9/18)   Compressing objects:  55% (10/18)   Compressing objects:  61% (11/18)   Compressing objects:  66% (12/18)   Compressing objects:  72% (13/18)   Compressing objects:  77% (14/18)   Compressing objects:  83% (15/18)   Compressing objects:  88% (16/18)   Compressing objects:  94% (17/18)   Compressing objects: 100% (18/18)   Compressing objects: 100% (18/18), done.
Writing objects:   5% (1/19)   Writing objects:  10% (2/19)   Writing objects:  15% (3/19)   Writing objects:  21% (4/19)   Writing objects:  26% (5/19)   Writing objects:  31% (6/19)   Writing objects:  36% (7/19)   Writing objects:  42% (8/19)   Writing objects:  47% (9/19)   Writing objects:  52% (10/19)   Writing objects:  57% (11/19)   Writing objects:  63% (12/19)   Writing objects:  68% (13/19)   Writing objects:  73% (14/19)   Writing objects:  78% (15/19)   Writing objects:  84% (16/19)   Writing objects:  89% (17/19)   Writing objects:  94% (18/19)   Writing objects: 100% (19/19)   Writing objects: 100% (19/19), 3.13 KiB | 457.00 KiB/s, done.
Total 19 (delta 8), reused 0 (delta 0)
remote: Resolving deltas:   0% (0/8)   [Kremote: Resolving deltas:  12% (1/8)   [Kremote: Resolving deltas:  25% (2/8)   [Kremote: Resolving deltas:  37% (3/8)   [Kremote: Resolving deltas:  50% (4/8)   [Kremote: Resolving deltas:  62% (5/8)   [Kremote: Resolving deltas:  75% (6/8)   [Kremote: Resolving deltas:  87% (7/8)   [Kremote: Resolving deltas: 100% (8/8)   [Kremote: Resolving deltas: 100% (8/8), completed with 7 local objects.[K
To https://github.com/rgfran/site.git
   f672ae9..96da7c8  master -> master
Branch master set up to track remote branch master from origin.
]0;~/Dropbox/Statistics-R-scripts/siteWAT-126-FAC-MB:site rfranklin$ git push -u origin master[Kcd ~/Dropbox/Statistics-R-scripts/site
]0;~/Dropbox/Statistics-R-scripts/siteWAT-126-FAC-MB:site rfranklin$ git init
Reinitialized existing Git repository in /Users/rfranklin/Dropbox/Statistics-R-scripts/site/.git/
]0;~/Dropbox/Statistics-R-scripts/siteWAT-126-FAC-MB:site rfranklin$ git add .
]0;~/Dropbox/Statistics-R-scripts/siteWAT-126-FAC-MB:site rfranklin$ git commit -m "some tweaks"
[master 42040cf] some tweaks
 2 files changed, 26 insertions(+), 3 deletions(-)
]0;~/Dropbox/Statistics-R-scripts/siteWAT-126-FAC-MB:site rfranklin$ git push -u origin master
Counting objects: 9, done.
Delta compression using up to 4 threads.
Compressing objects:  11% (1/9)   Compressing objects:  22% (2/9)   Compressing objects:  33% (3/9)   Compressing objects:  44% (4/9)   Compressing objects:  55% (5/9)   Compressing objects:  66% (6/9)   Compressing objects:  77% (7/9)   Compressing objects:  88% (8/9)   Compressing objects: 100% (9/9)   Compressing objects: 100% (9/9), done.
Writing objects:  11% (1/9)   Writing objects:  22% (2/9)   Writing objects:  33% (3/9)   Writing objects:  44% (4/9)   Writing objects:  55% (5/9)   Writing objects:  66% (6/9)   Writing objects:  77% (7/9)   Writing objects:  88% (8/9)   Writing objects: 100% (9/9)   Writing objects: 100% (9/9), 1.19 KiB | 1.19 MiB/s, done.
Total 9 (delta 4), reused 0 (delta 0)
remote: Resolving deltas:   0% (0/4)   [Kremote: Resolving deltas:  25% (1/4)   [Kremote: Resolving deltas:  50% (2/4)   [Kremote: Resolving deltas:  75% (3/4)   [Kremote: Resolving deltas: 100% (4/4)   [Kremote: Resolving deltas: 100% (4/4), completed with 4 local objects.[K
To https://github.com/rgfran/site.git
   96da7c8..42040cf  master -> master
Branch master set up to track remote branch master from origin.
]0;~/Dropbox/Statistics-R-scripts/siteWAT-126-FAC-MB:site rfranklin$ hugo version
Hugo Static Site Generator v0.40.3 darwin/amd64 BuildDate: 
]0;~/Dropbox/Statistics-R-scripts/siteWAT-126-FAC-MB:site rfranklin$ cd ~/Dropbox/Statistics-R-scripts/site
]0;~/Dropbox/Statistics-R-scripts/siteWAT-126-FAC-MB:site rfranklin$ git init
Reinitialized existing Git repository in /Users/rfranklin/Dropbox/Statistics-R-scripts/site/.git/
]0;~/Dropbox/Statistics-R-scripts/siteWAT-126-FAC-MB:site rfranklin$ git add .
]0;~/Dropbox/Statistics-R-scripts/siteWAT-126-FAC-MB:site rfranklin$ git commit -m "upload first post"
[master d5e8f52] upload first post
 8 files changed, 71 insertions(+), 4 deletions(-)
 create mode 100644 .Rproj.user/F6B2D606/sources/prop/29EF6D6B
 create mode 100644 .Rproj.user/F6B2D606/sources/s-242589F8/BEF30493
 create mode 100644 .Rproj.user/F6B2D606/sources/s-242589F8/BEF30493-contents
]0;~/Dropbox/Statistics-R-scripts/siteWAT-126-FAC-MB:site rfranklin$ git push -u origin master
Counting objects: 17, done.
Delta compression using up to 4 threads.
Compressing objects:   5% (1/17)   Compressing objects:  11% (2/17)   Compressing objects:  17% (3/17)   Compressing objects:  23% (4/17)   Compressing objects:  29% (5/17)   Compressing objects:  35% (6/17)   Compressing objects:  41% (7/17)   Compressing objects:  47% (8/17)   Compressing objects:  52% (9/17)   Compressing objects:  58% (10/17)   Compressing objects:  64% (11/17)   Compressing objects:  70% (12/17)   Compressing objects:  76% (13/17)   Compressing objects:  82% (14/17)   Compressing objects:  88% (15/17)   Compressing objects:  94% (16/17)   Compressing objects: 100% (17/17)   Compressing objects: 100% (17/17), done.
Writing objects:   5% (1/17)   Writing objects:  11% (2/17)   Writing objects:  17% (3/17)   Writing objects:  23% (4/17)   Writing objects:  29% (5/17)   Writing objects:  35% (6/17)   Writing objects:  41% (7/17)   Writing objects:  47% (8/17)   Writing objects:  52% (9/17)   Writing objects:  58% (10/17)   Writing objects:  64% (11/17)   Writing objects:  70% (12/17)   Writing objects:  76% (13/17)   Writing objects:  82% (14/17)   Writing objects:  88% (15/17)   Writing objects:  94% (16/17)   Writing objects: 100% (17/17)   Writing objects: 100% (17/17), 2.31 KiB | 1.15 MiB/s, done.
Total 17 (delta 9), reused 0 (delta 0)
remote: Resolving deltas:   0% (0/9)   [Kremote: Resolving deltas:  11% (1/9)   [Kremote: Resolving deltas:  22% (2/9)   [Kremote: Resolving deltas:  33% (3/9)   [Kremote: Resolving deltas:  44% (4/9)   [Kremote: Resolving deltas:  55% (5/9)   [Kremote: Resolving deltas:  77% (7/9)   [Kremote: Resolving deltas:  88% (8/9)   [Kremote: Resolving deltas: 100% (9/9)   [Kremote: Resolving deltas: 100% (9/9), completed with 8 local objects.[K
To https://github.com/rgfran/site.git
   42040cf..d5e8f52  master -> master
Branch master set up to track remote branch master from origin.
cd ~/Dropbox/Statistics-R-scripts/site
]0;~/Dropbox/Statistics-R-scripts/siteWAT-126-FAC-MB:site rfranklin$ git init
Reinitialized existing Git repository in /Users/rfranklin/Dropbox/Statistics-R-scripts/site/.git/
]0;~/Dropbox/Statistics-R-scripts/siteWAT-126-FAC-MB:site rfranklin$ git add .
]0;~/Dropbox/Statistics-R-scripts/siteWAT-126-FAC-MB:site rfranklin$ git commit -m "edit configs"
[master 55d5165] edit configs
 16 files changed, 26 insertions(+), 504 deletions(-)
 rewrite .Rproj.user/F6B2D606/console06/INDEX001 (100%)
 delete mode 100644 .Rproj.user/F6B2D606/sources/s-242589F8/3383B75
 delete mode 100644 .Rproj.user/F6B2D606/sources/s-242589F8/3383B75-contents
 delete mode 100644 .Rproj.user/F6B2D606/sources/s-242589F8/897CA3E9
 delete mode 100644 .Rproj.user/F6B2D606/sources/s-242589F8/897CA3E9-contents
 delete mode 100644 .Rproj.user/F6B2D606/sources/s-242589F8/8EB568EB
 delete mode 100644 .Rproj.user/F6B2D606/sources/s-242589F8/8EB568EB-contents
 delete mode 100644 .Rproj.user/F6B2D606/sources/s-242589F8/9CD043FB
 delete mode 100644 .Rproj.user/F6B2D606/sources/s-242589F8/9CD043FB-contents
 delete mode 100644 .Rproj.user/F6B2D606/sources/s-242589F8/BEF30493
 delete mode 100644 .Rproj.user/F6B2D606/sources/s-242589F8/BEF30493-contents
 delete mode 100644 .Rproj.user/F6B2D606/sources/s-242589F8/lock_file
 create mode 100644 .gitignore
]0;~/Dropbox/Statistics-R-scripts/siteWAT-126-FAC-MB:site rfranklin$ git push -u origin master
Counting objects: 12, done.
Delta compression using up to 4 threads.
Compressing objects:  10% (1/10)   Compressing objects:  20% (2/10)   Compressing objects:  30% (3/10)   Compressing objects:  40% (4/10)   Compressing objects:  50% (5/10)   Compressing objects:  60% (6/10)   Compressing objects:  70% (7/10)   Compressing objects:  80% (8/10)   Compressing objects:  90% (9/10)   Compressing objects: 100% (10/10)   Compressing objects: 100% (10/10), done.
Writing objects:   8% (1/12)   Writing objects:  16% (2/12)   Writing objects:  25% (3/12)   Writing objects:  33% (4/12)   Writing objects:  41% (5/12)   Writing objects:  50% (6/12)   Writing objects:  58% (7/12)   Writing objects:  66% (8/12)   Writing objects:  75% (9/12)   Writing objects:  83% (10/12)   Writing objects:  91% (11/12)   Writing objects: 100% (12/12)   Writing objects: 100% (12/12), 1.35 KiB | 693.00 KiB/s, done.
Total 12 (delta 5), reused 0 (delta 0)
remote: Resolving deltas:   0% (0/5)   [Kremote: Resolving deltas:  20% (1/5)   [Kremote: Resolving deltas:  40% (2/5)   [Kremote: Resolving deltas:  60% (3/5)   [Kremote: Resolving deltas:  80% (4/5)   [Kremote: Resolving deltas: 100% (5/5)   [Kremote: Resolving deltas: 100% (5/5), completed with 5 local objects.[K
To https://github.com/rgfran/site.git
   d5e8f52..55d5165  master -> master
Branch master set up to track remote branch master from origin.
cd ~/Dropbox/Statistics-R-scripts/site
]0;~/Dropbox/Statistics-R-scripts/siteWAT-126-FAC-MB:site rfranklin$ git init
Reinitialized existing Git repository in /Users/rfranklin/Dropbox/Statistics-R-scripts/site/.git/
]0;~/Dropbox/Statistics-R-scripts/siteWAT-126-FAC-MB:site rfranklin$ git add .
]0;~/Dropbox/Statistics-R-scripts/siteWAT-126-FAC-MB:site rfranklin$ git commit -m "add pub"
[master 7035b66] add pub
 32 files changed, 994 insertions(+), 29 deletions(-)
 rewrite .Rproj.user/F6B2D606/console06/INDEX001 (86%)
 create mode 100644 content/publication/Emotion2018.md
 create mode 100644 public/publication/emotion2018/index.html
]0;~/Dropbox/Statistics-R-scripts/siteWAT-126-FAC-MB:site rfranklin$ git push -u origin master
Counting objects: 60, done.
Delta compression using up to 4 threads.
Compressing objects:   1% (1/53)   Compressing objects:   3% (2/53)   Compressing objects:   5% (3/53)   Compressing objects:   7% (4/53)   Compressing objects:   9% (5/53)   Compressing objects:  11% (6/53)   Compressing objects:  13% (7/53)   Compressing objects:  15% (8/53)   Compressing objects:  16% (9/53)   Compressing objects:  18% (10/53)   Compressing objects:  20% (11/53)   Compressing objects:  22% (12/53)   Compressing objects:  24% (13/53)   Compressing objects:  26% (14/53)   Compressing objects:  28% (15/53)   Compressing objects:  30% (16/53)   Compressing objects:  32% (17/53)   Compressing objects:  33% (18/53)   Compressing objects:  35% (19/53)   Compressing objects:  37% (20/53)   Compressing objects:  39% (21/53)   Compressing objects:  41% (22/53)   Compressing objects:  43% (23/53)   Compressing objects:  45% (24/53)   Compressing objects:  47% (25/53)   Compressing objects:  49% (26/53)   Compressing objects:  50% (27/53)   Compressing objects:  52% (28/53)   Compressing objects:  54% (29/53)   Compressing objects:  56% (30/53)   Compressing objects:  58% (31/53)   Compressing objects:  60% (32/53)   Compressing objects:  62% (33/53)   Compressing objects:  64% (34/53)   Compressing objects:  66% (35/53)   Compressing objects:  67% (36/53)   Compressing objects:  69% (37/53)   Compressing objects:  71% (38/53)   Compressing objects:  73% (39/53)   Compressing objects:  75% (40/53)   Compressing objects:  77% (41/53)   Compressing objects:  79% (42/53)   Compressing objects:  81% (43/53)   Compressing objects:  83% (44/53)   Compressing objects:  84% (45/53)   Compressing objects:  86% (46/53)   Compressing objects:  88% (47/53)   Compressing objects:  90% (48/53)   Compressing objects:  92% (49/53)   Compressing objects:  94% (50/53)   Compressing objects:  96% (51/53)   Compressing objects:  98% (52/53)   Compressing objects: 100% (53/53)   Compressing objects: 100% (53/53), done.
Writing objects:   1% (1/60)   Writing objects:   3% (2/60)   Writing objects:   5% (3/60)   Writing objects:   6% (4/60)   Writing objects:   8% (5/60)   Writing objects:  10% (6/60)   Writing objects:  11% (7/60)   Writing objects:  13% (8/60)   Writing objects:  15% (9/60)   Writing objects:  16% (10/60)   Writing objects:  18% (11/60)   Writing objects:  20% (12/60)   Writing objects:  21% (13/60)   Writing objects:  23% (14/60)   Writing objects:  25% (15/60)   Writing objects:  26% (16/60)   Writing objects:  28% (17/60)   Writing objects:  30% (18/60)   Writing objects:  31% (19/60)   Writing objects:  33% (20/60)   Writing objects:  35% (21/60)   Writing objects:  36% (22/60)   Writing objects:  41% (25/60)   Writing objects:  43% (26/60)   Writing objects:  45% (27/60)   Writing objects:  46% (28/60)   Writing objects:  48% (29/60)   Writing objects:  50% (30/60)   Writing objects:  51% (31/60)   Writing objects:  53% (32/60)   Writing objects:  55% (33/60)   Writing objects:  56% (34/60)   Writing objects:  58% (35/60)   Writing objects:  60% (36/60)   Writing objects:  61% (37/60)   Writing objects:  63% (38/60)   Writing objects:  65% (39/60)   Writing objects:  66% (40/60)   Writing objects:  68% (41/60)   Writing objects:  71% (43/60)   Writing objects:  73% (44/60)   Writing objects:  75% (45/60)   Writing objects:  76% (46/60)   Writing objects:  78% (47/60)   Writing objects:  80% (48/60)   Writing objects:  81% (49/60)   Writing objects:  83% (50/60)   Writing objects:  86% (52/60)   Writing objects:  88% (53/60)   Writing objects:  90% (54/60)   Writing objects:  91% (55/60)   Writing objects:  93% (56/60)   Writing objects:  95% (57/60)   Writing objects:  96% (58/60)   Writing objects:  98% (59/60)   Writing objects: 100% (60/60)   Writing objects: 100% (60/60), 17.29 KiB | 112.00 KiB/s, done.
Total 60 (delta 31), reused 0 (delta 0)
remote: Resolving deltas:   0% (0/31)   [Kremote: Resolving deltas:   3% (1/31)   [Kremote: Resolving deltas:   6% (2/31)   [Kremote: Resolving deltas:   9% (3/31)   [Kremote: Resolving deltas:  12% (4/31)   [Kremote: Resolving deltas:  16% (5/31)   [Kremote: Resolving deltas:  19% (6/31)   [Kremote: Resolving deltas:  22% (7/31)   [Kremote: Resolving deltas:  25% (8/31)   [Kremote: Resolving deltas:  29% (9/31)   [Kremote: Resolving deltas:  32% (10/31)   [Kremote: Resolving deltas:  58% (18/31)   [Kremote: Resolving deltas:  61% (19/31)   [Kremote: Resolving deltas:  64% (20/31)   [Kremote: Resolving deltas:  67% (21/31)   [Kremote: Resolving deltas:  70% (22/31)   [Kremote: Resolving deltas:  74% (23/31)   [Kremote: Resolving deltas:  77% (24/31)   [Kremote: Resolving deltas:  83% (26/31)   [Kremote: Resolving deltas:  93% (29/31)   [Kremote: Resolving deltas:  96% (30/31)   [Kremote: Resolving deltas: 100% (31/31)   [Kremote: Resolving deltas: 100% (31/31), completed with 20 local objects.[K
To https://github.com/rgfran/site.git
   55d5165..7035b66  master -> master
Branch master set up to track remote branch master from origin.
[KWAT-126-FAC-MB:site rfranklin$ cd ~/D ropbox/Statistics-R-scripts/site
]0;~/Dropbox/Statistics-R-scripts/siteWAT-126-FAC-MB:site rfranklin$ git in it
Reinitialized existing Git repository in /Users/rfranklin/Dropbox/Statistics-R-scripts/site/.git/
]0;~/Dropbox/Statistics-R-scripts/siteWAT-126-FAC-MB:site rfranklin$ git ad d .
]0;~/Dropbox/Statistics-R-scripts/siteWAT-126-FAC-MB:site rfranklin$ git co mmit -m "add blog entry on Rstudio cl oud"
[master 85a19ef] add blog entry on Rstudio cloud
 59 files changed, 3123 insertions(+), 4 deletions(-)
 rewrite .Rproj.user/F6B2D606/console06/INDEX001 (86%)
 create mode 100644 content/post/2018-05-24-bible-sentiment-1.Rmd
 create mode 100644 content/post/2018-05-24-bible-sentiment-1.html
 create mode 100644 content/post/2018-06-13-teaching-r-with-rstudio-cloud.Rmd
 create mode 100644 content/post/2018-06-13-teaching-r-with-rstudio-cloud.html
 create mode 100644 content/post/data/bible_sen.RData
 create mode 100644 public/img/Screen Shot 2018-06-13 at 11.36.39.png
 create mode 100644 public/img/rstudio_cloud_example.png
 create mode 100644 public/post/2018-05-24-bible-sentiment-1_files/figure-html/negativity by testament plot-1.png
 create mode 100644 public/post/2018-05-24-bible-sentiment-1_files/figure-html/positivity by testament plot-1.png
 create mode 100644 public/post/2018-05-24-bible-sentiment-1_files/figure-html/sentiment emotionality by testament plot-1.png
 create mode 100644 public/post/2018-05-24-bible-sentiment-1_files/figure-html/sentiment syuzhet by testament plot-1.png
 create mode 100644 public/post/2018-05-24-bible-sentiment-1_files/figure-html/unnamed-chunk-10-1.png
 create mode 100644 public/post/2018-05-24-bible-sentiment-1_files/figure-html/unnamed-chunk-11-1.png
 create mode 100644 public/post/2018-05-24-bible-sentiment-1_files/figure-html/unnamed-chunk-12-1.png
 create mode 100644 public/post/2018-05-24-bible-sentiment-1_files/figure-html/unnamed-chunk-3-1.png
 create mode 100644 public/post/2018-05-24-bible-sentiment-1_files/figure-html/unnamed-chunk-5-1.png
 create mode 100644 public/post/2018-05-24-bible-sentiment-1_files/figure-html/unnamed-chunk-6-1.png
 create mode 100644 public/post/2018-05-24-bible-sentiment-1_files/figure-html/unnamed-chunk-7-1.png
 create mode 100644 public/post/2018-05-24-bible-sentiment-1_files/figure-html/unnamed-chunk-8-1.png
 create mode 100644 public/post/2018-05-24-bible-sentiment-1_files/figure-html/unnamed-chunk-9-1.png
 create mode 100644 public/post/2018-05-24-bible-sentiment-1_files/figure-html/valence by testament plot-1.png
 create mode 100644 public/post/data/bible_sen.RData
 create mode 100644 public/post/sentiment-bible/index.html
 create mode 100644 public/post/teaching-r-with-rstudio-cloud/index.html
 create mode 100644 public/post/test-post/index.html
 create mode 100644 public/tags/r/index.html
 create mode 100644 public/tags/r/index.xml
 create mode 100644 public/tags/r/page/1/index.html
 create mode 100644 public/tags/statistics/index.html
 create mode 100644 public/tags/statistics/index.xml
 create mode 100644 public/tags/statistics/page/1/index.html
 create mode 100644 static/img/rstudio_cloud_example.png
 create mode 100644 static/post/2018-05-24-bible-sentiment-1_files/figure-html/negativity by testament plot-1.png
 create mode 100644 static/post/2018-05-24-bible-sentiment-1_files/figure-html/positivity by testament plot-1.png
 create mode 100644 static/post/2018-05-24-bible-sentiment-1_files/figure-html/sentiment emotionality by testament plot-1.png
 create mode 100644 static/post/2018-05-24-bible-sentiment-1_files/figure-html/sentiment syuzhet by testament plot-1.png
 create mode 100644 static/post/2018-05-24-bible-sentiment-1_files/figure-html/unnamed-chunk-10-1.png
 create mode 100644 static/post/2018-05-24-bible-sentiment-1_files/figure-html/unnamed-chunk-11-1.png
 create mode 100644 static/post/2018-05-24-bible-sentiment-1_files/figure-html/unnamed-chunk-12-1.png
 create mode 100644 static/post/2018-05-24-bible-sentiment-1_files/figure-html/unnamed-chunk-3-1.png
 create mode 100644 static/post/2018-05-24-bible-sentiment-1_files/figure-html/unnamed-chunk-5-1.png
 create mode 100644 static/post/2018-05-24-bible-sentiment-1_files/figure-html/unnamed-chunk-6-1.png
 create mode 100644 static/post/2018-05-24-bible-sentiment-1_files/figure-html/unnamed-chunk-7-1.png
 create mode 100644 static/post/2018-05-24-bible-sentiment-1_files/figure-html/unnamed-chunk-8-1.png
 create mode 100644 static/post/2018-05-24-bible-sentiment-1_files/figure-html/unnamed-chunk-9-1.png
 create mode 100644 static/post/2018-05-24-bible-sentiment-1_files/figure-html/valence by testament plot-1.png
]0;~/Dropbox/Statistics-R-scripts/siteWAT-126-FAC-MB:site rfranklin$ git pu sh -u origin master
Counting objects: 67, done.
Delta compression using up to 4 threads.
Compressing objects:   1% (1/57)   Compressing objects:   3% (2/57)   Compressing objects:   5% (3/57)   Compressing objects:   7% (4/57)   Compressing objects:   8% (5/57)   Compressing objects:  10% (6/57)   Compressing objects:  12% (7/57)   Compressing objects:  14% (8/57)   Compressing objects:  15% (9/57)   Compressing objects:  17% (10/57)   Compressing objects:  19% (11/57)   Compressing objects:  21% (12/57)   Compressing objects:  22% (13/57)   Compressing objects:  24% (14/57)   Compressing objects:  26% (15/57)   Compressing objects:  28% (16/57)   Compressing objects:  29% (17/57)   Compressing objects:  31% (18/57)   Compressing objects:  33% (19/57)   Compressing objects:  35% (20/57)   Compressing objects:  36% (21/57)   Compressing objects:  38% (22/57)   Compressing objects:  40% (23/57)   Compressing objects:  42% (24/57)   Compressing objects:  43% (25/57)   Compressing objects:  45% (26/57)   Compressing objects:  47% (27/57)   Compressing objects:  49% (28/57)   Compressing objects:  50% (29/57)   Compressing objects:  52% (30/57)   Compressing objects:  54% (31/57)   Compressing objects:  56% (32/57)   Compressing objects:  57% (33/57)   Compressing objects:  59% (34/57)   Compressing objects:  61% (35/57)   Compressing objects:  63% (36/57)   Compressing objects:  64% (37/57)   Compressing objects:  66% (38/57)   Compressing objects:  68% (39/57)   Compressing objects:  70% (40/57)   Compressing objects:  71% (41/57)   Compressing objects:  73% (42/57)   Compressing objects:  75% (43/57)   Compressing objects:  77% (44/57)   Compressing objects:  78% (45/57)   Compressing objects:  80% (46/57)   Compressing objects:  82% (47/57)   Compressing objects:  84% (48/57)   Compressing objects:  85% (49/57)   Compressing objects:  87% (50/57)   Compressing objects:  89% (51/57)   Compressing objects:  91% (52/57)   Compressing objects:  92% (53/57)   Compressing objects:  94% (54/57)   Compressing objects:  96% (55/57)   Compressing objects:  98% (56/57)   Compressing objects: 100% (57/57)   Compressing objects: 100% (57/57), done.
Writing objects:   1% (1/67)   Writing objects:   2% (2/67)   Writing objects:   4% (3/67)   Writing objects:   5% (4/67)   Writing objects:   7% (5/67)   Writing objects:   8% (6/67)   Writing objects:  10% (7/67)   Writing objects:  11% (8/67)   Writing objects:  13% (9/67)   Writing objects:  14% (10/67)   Writing objects:  16% (11/67)   Writing objects:  17% (12/67)   Writing objects:  19% (13/67)   Writing objects:  20% (14/67)   Writing objects:  22% (15/67)   Writing objects:  26% (18/67)   Writing objects:  28% (19/67)   Writing objects:  31% (21/67)   Writing objects:  32% (22/67)   Writing objects:  34% (23/67)   Writing objects:  35% (24/67)   Writing objects:  37% (25/67)   Writing objects:  38% (26/67)   Writing objects:  40% (27/67)   Writing objects:  41% (28/67)   Writing objects:  43% (29/67)   Writing objects:  44% (30/67)   Writing objects:  46% (31/67)   Writing objects:  47% (32/67)   Writing objects:  49% (33/67)   Writing objects:  50% (34/67)   Writing objects:  52% (35/67)   Writing objects:  53% (36/67)   Writing objects:  55% (37/67)   Writing objects:  56% (38/67)   Writing objects:  58% (39/67)   Writing objects:  59% (40/67)   Writing objects:  61% (41/67)   Writing objects:  62% (42/67)   Writing objects:  64% (43/67)   Writing objects:  65% (44/67)   Writing objects:  67% (45/67)   Writing objects:  68% (46/67)   Writing objects:  70% (47/67)   Writing objects:  71% (48/67)   Writing objects:  73% (49/67)   Writing objects:  74% (50/67)   Writing objects:  76% (51/67)   Writing objects:  77% (52/67)   Writing objects:  79% (53/67)   Writing objects:  82% (55/67)   Writing objects:  83% (56/67)   Writing objects:  85% (57/67)   Writing objects:  86% (58/67)   Writing objects:  89% (60/67)   Writing objects:  91% (61/67)   Writing objects:  92% (62/67)   Writing objects:  94% (63/67)   Writing objects:  95% (64/67)   Writing objects:  97% (65/67)   Writing objects:  98% (66/67)   Writing objects: 100% (67/67)   Writing objects: 100% (67/67), 1.13 MiB | 2.40 MiB/s, done.
Total 67 (delta 26), reused 0 (delta 0)
remote: Resolving deltas:   0% (0/26)   [Kremote: Resolving deltas:  19% (5/26)   [Kremote: Resolving deltas:  26% (7/26)   [Kremote: Resolving deltas:  30% (8/26)   [Kremote: Resolving deltas:  34% (9/26)   [Kremote: Resolving deltas:  38% (10/26)   [Kremote: Resolving deltas:  42% (11/26)   [Kremote: Resolving deltas:  46% (12/26)   [Kremote: Resolving deltas:  50% (13/26)   [Kremote: Resolving deltas:  53% (14/26)   [Kremote: Resolving deltas:  57% (15/26)   [Kremote: Resolving deltas:  61% (16/26)   [Kremote: Resolving deltas:  65% (17/26)   [Kremote: Resolving deltas:  69% (18/26)   [Kremote: Resolving deltas:  73% (19/26)   [Kremote: Resolving deltas:  76% (20/26)   [Kremote: Resolving deltas:  80% (21/26)   [Kremote: Resolving deltas:  92% (24/26)   [Kremote: Resolving deltas:  96% (25/26)   [Kremote: Resolving deltas: 100% (26/26)   [Kremote: Resolving deltas: 100% (26/26), completed with 16 local objects.[K
To https://github.com/rgfran/site.git
   7035b66..85a19ef  master -> master
Branch master set up to track remote branch master from origin.
]0;~/Dropbox/Statistics-R-scripts/siteWAT-126-FAC-MB:site rfranklin$ cd ~/D ropbox/Statistics-R-scripts/site
]0;~/Dropbox/Statistics-R-scripts/siteWAT-126-FAC-MB:site rfranklin$ git in it
Reinitialized existing Git repository in /Users/rfranklin/Dropbox/Statistics-R-scripts/site/.git/
]0;~/Dropbox/Statistics-R-scripts/siteWAT-126-FAC-MB:site rfranklin$ git ad d .
]0;~/Dropbox/Statistics-R-scripts/siteWAT-126-FAC-MB:site rfranklin$ git co mmit -m "edit blog entry on Rstudio c loud"
[master d822de8] edit blog entry on Rstudio cloud
 6 files changed, 90 insertions(+), 17 deletions(-)
]0;~/Dropbox/Statistics-R-scripts/siteWAT-126-FAC-MB:site rfranklin$ git pu sh -u origin master
Counting objects: 16, done.
Delta compression using up to 4 threads.
Compressing objects:   6% (1/15)   Compressing objects:  13% (2/15)   Compressing objects:  20% (3/15)   Compressing objects:  26% (4/15)   Compressing objects:  33% (5/15)   Compressing objects:  40% (6/15)   Compressing objects:  46% (7/15)   Compressing objects:  53% (8/15)   Compressing objects:  60% (9/15)   Compressing objects:  66% (10/15)   Compressing objects:  73% (11/15)   Compressing objects:  80% (12/15)   Compressing objects:  86% (13/15)   Compressing objects:  93% (14/15)   Compressing objects: 100% (15/15)   Compressing objects: 100% (15/15), done.
Writing objects:   6% (1/16)   Writing objects:  12% (2/16)   Writing objects:  18% (3/16)   Writing objects:  25% (4/16)   Writing objects:  31% (5/16)   Writing objects:  37% (6/16)   Writing objects:  43% (7/16)   Writing objects:  50% (8/16)   Writing objects:  56% (9/16)   Writing objects:  62% (10/16)   Writing objects:  68% (11/16)   Writing objects:  75% (12/16)   Writing objects:  81% (13/16)   Writing objects:  87% (14/16)   Writing objects:  93% (15/16)   Writing objects: 100% (16/16)   Writing objects: 100% (16/16), 2.90 KiB | 134.00 KiB/s, done.
Total 16 (delta 11), reused 0 (delta 0)
remote: Resolving deltas:   0% (0/11)   [Kremote: Resolving deltas:   9% (1/11)   [Kremote: Resolving deltas:  18% (2/11)   [Kremote: Resolving deltas:  27% (3/11)   [Kremote: Resolving deltas:  36% (4/11)   [Kremote: Resolving deltas:  45% (5/11)   [Kremote: Resolving deltas:  54% (6/11)   [Kremote: Resolving deltas:  63% (7/11)   [Kremote: Resolving deltas:  72% (8/11)   [Kremote: Resolving deltas:  81% (9/11)   [Kremote: Resolving deltas:  90% (10/11)   [Kremote: Resolving deltas: 100% (11/11)   [Kremote: Resolving deltas: 100% (11/11), completed with 11 local objects.[K
To https://github.com/rgfran/site.git
   85a19ef..d822de8  master -> master
Branch master set up to track remote branch master from origin.
count[K[K[K[K[Ktable(hof_ 2018[K[K[K[K[A[C[C[C[C[C[C[C[C[C[C[C[C[C[C[C[C[C[C[C[C[C[C[C[C[C[C[C[C[C[C[C[C[C[C[C[C[C[C[C[C[K
[K[A[C[C[C[C[C[C[C[C[C[C[C[C[C[C[C[C[C[C[C[C[C[C[C[C[C[C[C[C[C[C[C[C[C[C[C[C[C[C[C[C[Kf2 018$cluster
bash: syntax error near unexpected token `hof2018$cluster'
]0;~/Dropbox/Statistics-R-scripts/siteWAT-126-FAC-MB:site rfranklin$ table(hof20018$cluster)
bash: syntax error near unexpected token `hof2018$cluster'
cd ~/Dropb ox/Statistics-R-scripts/site
]0;~/Dropbox/Statistics-R-scripts/siteWAT-126-FAC-MB:site rfranklin$ git init
