]0;~/Dropbox/Statistics-R-scripts/site[?1034hWAT-126-FAC-MB:site rfranklin$ [KWAT-126-FAC-MB:site rfranklin$ emacsbrew cask install emacsemacs[K[Kcd ~/Dropbox/Statistics-R-scripts/site
]0;~/Dropbox/Statistics-R-scripts/siteWAT-126-FAC-MB:site rfranklin$ git init
Reinitialized existing Git repository in /Users/rfranklin/Dropbox/Statistics-R-scripts/site/.git/
]0;~/Dropbox/Statistics-R-scripts/siteWAT-126-FAC-MB:site rfranklin$ git add .
]0;~/Dropbox/Statistics-R-scripts/siteWAT-126-FAC-MB:site rfranklin$ git commit -m "initial upload"
[master 435310e] initial upload
 12 files changed, 398 insertions(+), 1 deletion(-)
 create mode 100644 .Rproj.user/F6B2D606/console06/CEC15F7E
 create mode 100644 .Rproj.user/F6B2D606/console06/INDEX001
 create mode 100644 .Rproj.user/F6B2D606/sources/prop/26EF5E5
 create mode 100644 .Rproj.user/F6B2D606/sources/prop/F6FCE9FE
 create mode 100644 .Rproj.user/F6B2D606/sources/prop/INDEX
 create mode 100644 .Rproj.user/F6B2D606/sources/s-242589F8/3383B75
 create mode 100644 .Rproj.user/F6B2D606/sources/s-242589F8/3383B75-contents
 create mode 100644 .Rproj.user/F6B2D606/sources/s-242589F8/897CA3E9
 create mode 100644 .Rproj.user/F6B2D606/sources/s-242589F8/897CA3E9-contents
 create mode 100644 .Rproj.user/F6B2D606/sources/s-242589F8/lock_file
 create mode 100644 .Rproj.user/shared/notebooks/patch-chunk-names
]0;~/Dropbox/Statistics-R-scripts/siteWAT-126-FAC-MB:site rfranklin$ git remote add origin https://github.com/ rgfran/site.git
fatal: remote origin already exists.
]0;~/Dropbox/Statistics-R-scripts/siteWAT-126-FAC-MB:site rfranklin$ git push -u origin master
Counting objects: 19, done.
Delta compression using up to 4 threads.
Compressing objects:   5% (1/17)   Compressing objects:  11% (2/17)   Compressing objects:  17% (3/17)   Compressing objects:  23% (4/17)   Compressing objects:  29% (5/17)   Compressing objects:  35% (6/17)   Compressing objects:  41% (7/17)   Compressing objects:  47% (8/17)   Compressing objects:  52% (9/17)   Compressing objects:  58% (10/17)   Compressing objects:  64% (11/17)   Compressing objects:  70% (12/17)   Compressing objects:  76% (13/17)   Compressing objects:  82% (14/17)   Compressing objects:  88% (15/17)   Compressing objects:  94% (16/17)   Compressing objects: 100% (17/17)   Compressing objects: 100% (17/17), done.
Writing objects:   5% (1/19)   Writing objects:  10% (2/19)   Writing objects:  15% (3/19)   Writing objects:  21% (4/19)   Writing objects:  26% (5/19)   Writing objects:  31% (6/19)   Writing objects:  36% (7/19)   Writing objects:  42% (8/19)   Writing objects:  47% (9/19)   Writing objects:  52% (10/19)   Writing objects:  57% (11/19)   Writing objects:  63% (12/19)   Writing objects:  68% (13/19)   Writing objects:  78% (15/19)   Writing objects:  84% (16/19)   Writing objects:  89% (17/19)   Writing objects:  94% (18/19)   Writing objects: 100% (19/19)   Writing objects: 100% (19/19), 6.28 KiB | 2.09 MiB/s, done.
Total 19 (delta 2), reused 0 (delta 0)
remote: Resolving deltas:   0% (0/2)   [Kremote: Resolving deltas:  50% (1/2)   [Kremote: Resolving deltas: 100% (2/2)   [Kremote: Resolving deltas: 100% (2/2), completed with 1 local object.[K
remote: This repository moved. Please use the new location:[K
remote:   https://github.com/rgfran/website.git[K
To https://github.com/rgfran/site.git
   03c24c0..435310e  master -> master
Branch master set up to track remote branch master from origin.
]0;~/Dropbox/Statistics-R-scripts/siteWAT-126-FAC-MB:site rfranklin$ cd ~/Dropbox/Statistics-R-scripts/site
]0;~/Dropbox/Statistics-R-scripts/siteWAT-126-FAC-MB:site rfranklin$ git init
Reinitialized existing Git repository in /Users/rfranklin/Dropbox/Statistics-R-scripts/site/.git/
]0;~/Dropbox/Statistics-R-scripts/siteWAT-126-FAC-MB:site rfranklin$ git add .
]0;~/Dropbox/Statistics-R-scripts/siteWAT-126-FAC-MB:site rfranklin$ git commit -m "initial upload"
[master 2c161a1] initial upload
 4 files changed, 98 insertions(+), 3 deletions(-)
 create mode 100644 .Rproj.user/F6B2D606/console06/CEC15F7E.env
]0;~/Dropbox/Statistics-R-scripts/siteWAT-126-FAC-MB:site rfranklin$ git remote add origin https://github.com/ rgfran/site.git
fatal: remote origin already exists.
]0;~/Dropbox/Statistics-R-scripts/siteWAT-126-FAC-MB:site rfranklin$ git push -u origin master
Counting objects: 11, done.
Delta compression using up to 4 threads.
Compressing objects:   9% (1/11)   Compressing objects:  18% (2/11)   Compressing objects:  27% (3/11)   Compressing objects:  36% (4/11)   Compressing objects:  45% (5/11)   Compressing objects:  54% (6/11)   Compressing objects:  63% (7/11)   Compressing objects:  72% (8/11)   Compressing objects:  81% (9/11)   Compressing objects:  90% (10/11)   Compressing objects: 100% (11/11)   Compressing objects: 100% (11/11), done.
Writing objects:   9% (1/11)   Writing objects:  18% (2/11)   Writing objects:  27% (3/11)   Writing objects:  36% (4/11)   Writing objects:  45% (5/11)   Writing objects:  54% (6/11)   Writing objects:  63% (7/11)   Writing objects:  72% (8/11)   Writing objects:  81% (9/11)   Writing objects:  90% (10/11)   Writing objects: 100% (11/11)   Writing objects: 100% (11/11), 2.98 KiB | 2.98 MiB/s, done.
Total 11 (delta 3), reused 0 (delta 0)
remote: Resolving deltas:   0% (0/3)   [Kremote: Resolving deltas:  33% (1/3)   [Kremote: Resolving deltas:  66% (2/3)   [Kremote: Resolving deltas: 100% (3/3)   [Kremote: Resolving deltas: 100% (3/3), completed with 3 local objects.[K
remote: This repository moved. Please use the new location:[K
remote:   https://github.com/rgfran/website.git[K
To https://github.com/rgfran/site.git
   435310e..2c161a1  master -> master
Branch master set up to track remote branch master from origin.
]0;~/Dropbox/Statistics-R-scripts/siteWAT-126-FAC-MB:site rfranklin$ cd ~/Dropbox/Statistics-R-scripts/site
]0;~/Dropbox/Statistics-R-scripts/siteWAT-126-FAC-MB:site rfranklin$ git init
Reinitialized existing Git repository in /Users/rfranklin/Dropbox/Statistics-R-scripts/site/.git/
]0;~/Dropbox/Statistics-R-scripts/siteWAT-126-FAC-MB:site rfranklin$ git add .
]0;~/Dropbox/Statistics-R-scripts/siteWAT-126-FAC-MB:site rfranklin$ git commit -m "initial upload"
[master f672ae9] initial upload
 3 files changed, 21 insertions(+), 2 deletions(-)
]0;~/Dropbox/Statistics-R-scripts/siteWAT-126-FAC-MB:site rfranklin$ git remote add origin https://github.com/ rgfran/site.git
fatal: remote origin already exists.
]0;~/Dropbox/Statistics-R-scripts/siteWAT-126-FAC-MB:site rfranklin$ git push -u origin master
Counting objects: 10, done.
Delta compression using up to 4 threads.
Compressing objects:  10% (1/10)   Compressing objects:  20% (2/10)   Compressing objects:  30% (3/10)   Compressing objects:  40% (4/10)   Compressing objects:  50% (5/10)   Compressing objects:  60% (6/10)   Compressing objects:  70% (7/10)   Compressing objects:  80% (8/10)   Compressing objects:  90% (9/10)   Compressing objects: 100% (10/10)   Compressing objects: 100% (10/10), done.
Writing objects:  10% (1/10)   Writing objects:  20% (2/10)   Writing objects:  30% (3/10)   Writing objects:  40% (4/10)   Writing objects:  50% (5/10)   Writing objects:  60% (6/10)   Writing objects:  70% (7/10)   Writing objects:  80% (8/10)   Writing objects:  90% (9/10)   Writing objects: 100% (10/10)   Writing objects: 100% (10/10), 1.22 KiB | 1.22 MiB/s, done.
Total 10 (delta 4), reused 0 (delta 0)
remote: Resolving deltas:   0% (0/4)   [Kremote: Resolving deltas:  25% (1/4)   [Kremote: Resolving deltas:  50% (2/4)   [Kremote: Resolving deltas:  75% (3/4)   [Kremote: Resolving deltas: 100% (4/4)   [Kremote: Resolving deltas: 100% (4/4), completed with 4 local objects.[K
To https://github.com/rgfran/site.git
   2c161a1..f672ae9  master -> master
Branch master set up to track remote branch master from origin.
]0;~/Dropbox/Statistics-R-scripts/siteWAT-126-FAC-MB:site rfranklin$ hugo version
Hugo Static Site Generator v0.27.1 darwin/amd64 BuildDate: 2018-05-15T19:55:17-04:00
]0;~/Dropbox/Statistics-R-scripts/siteWAT-126-FAC-MB:site rfranklin$ brew install hugo
Updating Homebrew...
[34m==>[0m [1mHomebrew has enabled anonymous aggregate user behaviour analytics.[0m
[1mRead the analytics documentation (and how to opt-out) here:
  [4mhttps://docs.brew.sh/Analytics[24m[0m

xcrun: error: invalid active developer path (/Library/Developer/CommandLineTools), missing xcrun at: /Library/Developer/CommandLineTools/usr/bin/xcrun
[31mError:[0m Failure while executing: git config --local --replace-all homebrew.analyticsmessage true
[31mError:[0m hugo 0.27.1 is already installed
To upgrade to 0.40.3, run `brew upgrade hugo`
]0;~/Dropbox/Statistics-R-scripts/siteWAT-126-FAC-MB:site rfranklin$ brew upgrade hugo
[32m==>[0m [1mUpgrading 1 outdated package, with result:[0m
hugo 0.27.1 -> 0.40.3
[32m==>[0m [1mUpgrading [32mhugo[39m [0m
xcrun: error: invalid active developer path (/Library/Developer/CommandLineTools), missing xcrun at: /Library/Developer/CommandLineTools/usr/bin/xcrun
[31mError:[0m Failure while executing: git config --local --replace-all homebrew.private true
]0;~/Dropbox/Statistics-R-scripts/siteWAT-126-FAC-MB:site rfranklin$ xcode-select --install
xcode-select: note: install requested for command line developer tools
]0;~/Dropbox/Statistics-R-scripts/siteWAT-126-FAC-MB:site rfranklin$ 
]0;~/Dropbox/Statistics-R-scripts/siteWAT-126-FAC-MB:site rfranklin$ xcode-select --install[5Pbrew upgrade hugoinstall[C[C[C[C[Cupgrade[C[C[C[C[C
[32m==>[0m [1mUpgrading 1 outdated package, with result:[0m
hugo 0.27.1 -> 0.40.3
[32m==>[0m [1mUpgrading [32mhugo[39m [0m
[34m==>[0m [1mDownloading https://homebrew.bintray.com/bottles/hugo-0.40.3.high_si[0m
####                                                                       6.9%###########                                                               16.2%####################                                                      27.8%###########################                                               38.1%################################                                          45.2%######################################                                    53.5%#############################################                             62.8%####################################################                      72.7%#############################################################             85.6%######################################################################## 100.0%
[34m==>[0m [1mPouring hugo-0.40.3.high_sierra.bottle.tar.gz[0m
[34m==>[0m [1mCaveats[0m
Bash completion has been installed to:
  /usr/local/etc/bash_completion.d
[34m==>[0m [1mSummary[0m
ðŸº  /usr/local/Cellar/hugo/0.40.3: 32 files, 28.2MB
]0;~/Dropbox/Statistics-R-scripts/siteWAT-126-FAC-MB:site rfranklin$ cd ~/Dropbox/Statistics-R-scripts/site
]0;~/Dropbox/Statistics-R-scripts/siteWAT-126-FAC-MB:site rfranklin$ git init
Reinitialized existing Git repository in /Users/rfranklin/Dropbox/Statistics-R-scripts/site/.git/
]0;~/Dropbox/Statistics-R-scripts/siteWAT-126-FAC-MB:site rfranklin$ git add .
]0;~/Dropbox/Statistics-R-scripts/siteWAT-126-FAC-MB:site rfranklin$ git commit -m "some tweaks"
[master 96da7c8] some tweaks
 15 files changed, 150 insertions(+), 14 deletions(-)
 create mode 100644 .Rproj.user/F6B2D606/sources/prop/4A656FEC
 create mode 100644 .Rproj.user/F6B2D606/sources/prop/C98DEE13
 create mode 100644 .Rproj.user/F6B2D606/sources/s-242589F8/8EB568EB
 create mode 100644 .Rproj.user/F6B2D606/sources/s-242589F8/8EB568EB-contents
 create mode 100644 .Rproj.user/F6B2D606/sources/s-242589F8/9CD043FB
 create mode 100644 .Rproj.user/F6B2D606/sources/s-242589F8/9CD043FB-contents
]0;~/Dropbox/Statistics-R-scripts/siteWAT-126-FAC-MB:site rfranklin$ git push -u origin master
Counting objects: 19, done.
Delta compression using up to 4 threads.
Compressing objects:   5% (1/18)   Compressing objects:  11% (2/18)   Compressing objects:  16% (3/18)   Compressing objects:  22% (4/18)   Compressing objects:  27% (5/18)   Compressing objects:  33% (6/18)   Compressing objects:  38% (7/18)   Compressing objects:  44% (8/18)   Compressing objects:  50% (9/18)   Compressing objects:  55% (10/18)   Compressing objects:  61% (11/18)   Compressing objects:  66% (12/18)   Compressing objects:  72% (13/18)   Compressing objects:  77% (14/18)   Compressing objects:  83% (15/18)   Compressing objects:  88% (16/18)   Compressing objects:  94% (17/18)   Compressing objects: 100% (18/18)   Compressing objects: 100% (18/18), done.
Writing objects:   5% (1/19)   Writing objects:  10% (2/19)   Writing objects:  15% (3/19)   Writing objects:  21% (4/19)   Writing objects:  26% (5/19)   Writing objects:  31% (6/19)   Writing objects:  36% (7/19)   Writing objects:  42% (8/19)   Writing objects:  47% (9/19)   Writing objects:  52% (10/19)   Writing objects:  57% (11/19)   Writing objects:  63% (12/19)   Writing objects:  68% (13/19)   Writing objects:  73% (14/19)   Writing objects:  78% (15/19)   Writing objects:  84% (16/19)   Writing objects:  89% (17/19)   Writing objects:  94% (18/19)   Writing objects: 100% (19/19)   Writing objects: 100% (19/19), 3.13 KiB | 457.00 KiB/s, done.
Total 19 (delta 8), reused 0 (delta 0)
remote: Resolving deltas:   0% (0/8)   [Kremote: Resolving deltas:  12% (1/8)   [Kremote: Resolving deltas:  25% (2/8)   [Kremote: Resolving deltas:  37% (3/8)   [Kremote: Resolving deltas:  50% (4/8)   [Kremote: Resolving deltas:  62% (5/8)   [Kremote: Resolving deltas:  75% (6/8)   [Kremote: Resolving deltas:  87% (7/8)   [Kremote: Resolving deltas: 100% (8/8)   [Kremote: Resolving deltas: 100% (8/8), completed with 7 local objects.[K
To https://github.com/rgfran/site.git
   f672ae9..96da7c8  master -> master
Branch master set up to track remote branch master from origin.
]0;~/Dropbox/Statistics-R-scripts/siteWAT-126-FAC-MB:site rfranklin$ git push -u origin master[Kcd ~/Dropbox/Statistics-R-scripts/site
]0;~/Dropbox/Statistics-R-scripts/siteWAT-126-FAC-MB:site rfranklin$ git init
Reinitialized existing Git repository in /Users/rfranklin/Dropbox/Statistics-R-scripts/site/.git/
]0;~/Dropbox/Statistics-R-scripts/siteWAT-126-FAC-MB:site rfranklin$ git add .
]0;~/Dropbox/Statistics-R-scripts/siteWAT-126-FAC-MB:site rfranklin$ git commit -m "some tweaks"
[master 42040cf] some tweaks
 2 files changed, 26 insertions(+), 3 deletions(-)
]0;~/Dropbox/Statistics-R-scripts/siteWAT-126-FAC-MB:site rfranklin$ git push -u origin master
Counting objects: 9, done.
Delta compression using up to 4 threads.
Compressing objects:  11% (1/9)   Compressing objects:  22% (2/9)   Compressing objects:  33% (3/9)   Compressing objects:  44% (4/9)   Compressing objects:  55% (5/9)   Compressing objects:  66% (6/9)   Compressing objects:  77% (7/9)   Compressing objects:  88% (8/9)   Compressing objects: 100% (9/9)   Compressing objects: 100% (9/9), done.
Writing objects:  11% (1/9)   Writing objects:  22% (2/9)   Writing objects:  33% (3/9)   Writing objects:  44% (4/9)   Writing objects:  55% (5/9)   Writing objects:  66% (6/9)   Writing objects:  77% (7/9)   Writing objects:  88% (8/9)   Writing objects: 100% (9/9)   Writing objects: 100% (9/9), 1.19 KiB | 1.19 MiB/s, done.
Total 9 (delta 4), reused 0 (delta 0)
remote: Resolving deltas:   0% (0/4)   [Kremote: Resolving deltas:  25% (1/4)   [Kremote: Resolving deltas:  50% (2/4)   [Kremote: Resolving deltas:  75% (3/4)   [Kremote: Resolving deltas: 100% (4/4)   [Kremote: Resolving deltas: 100% (4/4), completed with 4 local objects.[K
To https://github.com/rgfran/site.git
   96da7c8..42040cf  master -> master
Branch master set up to track remote branch master from origin.
]0;~/Dropbox/Statistics-R-scripts/siteWAT-126-FAC-MB:site rfranklin$ hugo version
Hugo Static Site Generator v0.40.3 darwin/amd64 BuildDate: 
]0;~/Dropbox/Statistics-R-scripts/siteWAT-126-FAC-MB:site rfranklin$ cd ~/Dropbox/Statistics-R-scripts/site
]0;~/Dropbox/Statistics-R-scripts/siteWAT-126-FAC-MB:site rfranklin$ git init
Reinitialized existing Git repository in /Users/rfranklin/Dropbox/Statistics-R-scripts/site/.git/
]0;~/Dropbox/Statistics-R-scripts/siteWAT-126-FAC-MB:site rfranklin$ git add .
]0;~/Dropbox/Statistics-R-scripts/siteWAT-126-FAC-MB:site rfranklin$ git commit -m "upload first post"
[master d5e8f52] upload first post
 8 files changed, 71 insertions(+), 4 deletions(-)
 create mode 100644 .Rproj.user/F6B2D606/sources/prop/29EF6D6B
 create mode 100644 .Rproj.user/F6B2D606/sources/s-242589F8/BEF30493
 create mode 100644 .Rproj.user/F6B2D606/sources/s-242589F8/BEF30493-contents
]0;~/Dropbox/Statistics-R-scripts/siteWAT-126-FAC-MB:site rfranklin$ git push -u origin master
Counting objects: 17, done.
Delta compression using up to 4 threads.
Compressing objects:   5% (1/17)   Compressing objects:  11% (2/17)   Compressing objects:  17% (3/17)   Compressing objects:  23% (4/17)   Compressing objects:  29% (5/17)   Compressing objects:  35% (6/17)   Compressing objects:  41% (7/17)   Compressing objects:  47% (8/17)   Compressing objects:  52% (9/17)   Compressing objects:  58% (10/17)   Compressing objects:  64% (11/17)   Compressing objects:  70% (12/17)   Compressing objects:  76% (13/17)   Compressing objects:  82% (14/17)   Compressing objects:  88% (15/17)   Compressing objects:  94% (16/17)   Compressing objects: 100% (17/17)   Compressing objects: 100% (17/17), done.
Writing objects:   5% (1/17)   Writing objects:  11% (2/17)   Writing objects:  17% (3/17)   Writing objects:  23% (4/17)   Writing objects:  29% (5/17)   Writing objects:  35% (6/17)   Writing objects:  41% (7/17)   Writing objects:  47% (8/17)   Writing objects:  52% (9/17)   Writing objects:  58% (10/17)   Writing objects:  64% (11/17)   Writing objects:  70% (12/17)   Writing objects:  76% (13/17)   Writing objects:  82% (14/17)   Writing objects:  88% (15/17)   Writing objects:  94% (16/17)   Writing objects: 100% (17/17)   Writing objects: 100% (17/17), 2.31 KiB | 1.15 MiB/s, done.
Total 17 (delta 9), reused 0 (delta 0)
remote: Resolving deltas:   0% (0/9)   [Kremote: Resolving deltas:  11% (1/9)   [Kremote: Resolving deltas:  22% (2/9)   [Kremote: Resolving deltas:  33% (3/9)   [Kremote: Resolving deltas:  44% (4/9)   [Kremote: Resolving deltas:  55% (5/9)   [Kremote: Resolving deltas:  77% (7/9)   [Kremote: Resolving deltas:  88% (8/9)   [Kremote: Resolving deltas: 100% (9/9)   [Kremote: Resolving deltas: 100% (9/9), completed with 8 local objects.[K
To https://github.com/rgfran/site.git
   42040cf..d5e8f52  master -> master
Branch master set up to track remote branch master from origin.
cd ~/Dropbox/Statistics-R-scripts/site
]0;~/Dropbox/Statistics-R-scripts/siteWAT-126-FAC-MB:site rfranklin$ git init
Reinitialized existing Git repository in /Users/rfranklin/Dropbox/Statistics-R-scripts/site/.git/
]0;~/Dropbox/Statistics-R-scripts/siteWAT-126-FAC-MB:site rfranklin$ git add .
]0;~/Dropbox/Statistics-R-scripts/siteWAT-126-FAC-MB:site rfranklin$ git commit -m "edit configs"
[master 55d5165] edit configs
 16 files changed, 26 insertions(+), 504 deletions(-)
 rewrite .Rproj.user/F6B2D606/console06/INDEX001 (100%)
 delete mode 100644 .Rproj.user/F6B2D606/sources/s-242589F8/3383B75
 delete mode 100644 .Rproj.user/F6B2D606/sources/s-242589F8/3383B75-contents
 delete mode 100644 .Rproj.user/F6B2D606/sources/s-242589F8/897CA3E9
 delete mode 100644 .Rproj.user/F6B2D606/sources/s-242589F8/897CA3E9-contents
 delete mode 100644 .Rproj.user/F6B2D606/sources/s-242589F8/8EB568EB
 delete mode 100644 .Rproj.user/F6B2D606/sources/s-242589F8/8EB568EB-contents
 delete mode 100644 .Rproj.user/F6B2D606/sources/s-242589F8/9CD043FB
 delete mode 100644 .Rproj.user/F6B2D606/sources/s-242589F8/9CD043FB-contents
 delete mode 100644 .Rproj.user/F6B2D606/sources/s-242589F8/BEF30493
 delete mode 100644 .Rproj.user/F6B2D606/sources/s-242589F8/BEF30493-contents
 delete mode 100644 .Rproj.user/F6B2D606/sources/s-242589F8/lock_file
 create mode 100644 .gitignore
]0;~/Dropbox/Statistics-R-scripts/siteWAT-126-FAC-MB:site rfranklin$ git push -u origin master
Counting objects: 12, done.
Delta compression using up to 4 threads.
Compressing objects:  10% (1/10)   Compressing objects:  20% (2/10)   Compressing objects:  30% (3/10)   Compressing objects:  40% (4/10)   Compressing objects:  50% (5/10)   Compressing objects:  60% (6/10)   Compressing objects:  70% (7/10)   Compressing objects:  80% (8/10)   Compressing objects:  90% (9/10)   Compressing objects: 100% (10/10)   Compressing objects: 100% (10/10), done.
Writing objects:   8% (1/12)   Writing objects:  16% (2/12)   Writing objects:  25% (3/12)   Writing objects:  33% (4/12)   Writing objects:  41% (5/12)   Writing objects:  50% (6/12)   Writing objects:  58% (7/12)   Writing objects:  66% (8/12)   Writing objects:  75% (9/12)   Writing objects:  83% (10/12)   Writing objects:  91% (11/12)   Writing objects: 100% (12/12)   Writing objects: 100% (12/12), 1.35 KiB | 693.00 KiB/s, done.
Total 12 (delta 5), reused 0 (delta 0)
remote: Resolving deltas:   0% (0/5)   [Kremote: Resolving deltas:  20% (1/5)   [Kremote: Resolving deltas:  40% (2/5)   [Kremote: Resolving deltas:  60% (3/5)   [Kremote: Resolving deltas:  80% (4/5)   [Kremote: Resolving deltas: 100% (5/5)   [Kremote: Resolving deltas: 100% (5/5), completed with 5 local objects.[K
To https://github.com/rgfran/site.git
   d5e8f52..55d5165  master -> master
Branch master set up to track remote branch master from origin.
cd ~/Dropbox/Statistics-R-scripts/site
]0;~/Dropbox/Statistics-R-scripts/siteWAT-126-FAC-MB:site rfranklin$ git init
